// Jest Snapshot v1, https://goo.gl/fbAQLP

exports[`Contacts list data provider Should match snapshot 1`] = `"Foo"`;
