// Jest Snapshot v1, https://goo.gl/fbAQLP

exports[`Submit modal window btn Should match snapshot 1`] = `
<div
  className=""
  onClick={[Function]}
>
  Submit
</div>
`;
