// Jest Snapshot v1, https://goo.gl/fbAQLP

exports[`PagePreloader Should match snapshot 1`] = `
<div
  className="main"
>
  <div
    className="loader"
  />
</div>
`;
