// Jest Snapshot v1, https://goo.gl/fbAQLP

exports[`Header Should match snapshot 1`] = `
<div
  className="main"
>
  <Component />
  <Component
    toggleLoginWindow={[MockFunction]}
    toggleRegWindow={[MockFunction]}
  />
</div>
`;
