// Jest Snapshot v1, https://goo.gl/fbAQLP

exports[`LeftBar of Header Should match snapshot 1`] = `
<div
  className="main"
>
  <Logo />
</div>
`;
