// Jest Snapshot v1, https://goo.gl/fbAQLP

exports[`RightBar of Header Should match snapshot 1`] = `
<div
  className="main"
>
  <AboutBtn />
  <RegBtn
    onClick={[MockFunction]}
  />
  <LoginBtn
    onClick={[MockFunction]}
  />
</div>
`;
