// Jest Snapshot v1, https://goo.gl/fbAQLP

exports[`CallsHistory data provider Should match snapshot 1`] = `"Foo"`;
